| index.js:17:43:17:50 | req.body | index.js:18:18:18:29 | resolvedPath |
| index.js:28:43:28:50 | req.body | index.js:30:18:30:35 | alisedResolvedPath |
| index.js:40:43:40:50 | req.body | index.js:43:18:43:45 | contain ... edField |
| index.js:53:43:53:50 | req.body | index.js:56:18:56:45 | contain ... edField |
| index.js:66:43:66:50 | req.body | index.js:69:18:69:45 | contain ... edField |
| index.js:79:43:79:50 | req.body | index.js:83:18:83:45 | contain ... edField |
| index.js:93:43:93:50 | req.body | index.js:97:18:97:27 | aliasedVar |
| index.js:108:54:108:61 | req.body | index.js:110:18:110:27 | aliasedVar |
